

                                                                      Page 1
ispLEVER Classic 2.0.00.17.20.15  -  Device Utilization Chart         Sun May 24 05:26:48 2020



--------------------------------------------------------------------------------

Module                   : 'demuxalu'

--------------------------------------------------------------------------------

Input files:

    ABEL PLA file        : demux.tt3
    Device library       : P22V10G.dev

Output files:

    Report file          : demux.rpt
    Programmer load file : demux.jed

--------------------------------------------------------------------------------


                                                                      Page 2
ispLEVER Classic 2.0.00.17.20.15  -  Device Utilization Chart         Sun May 24 05:26:48 2020

P22V10G Programmed Logic:
--------------------------------------------------------------------------------



outALU_2_     = (  inA_2_ & inS 
                 #   inL_2_ & !inS );

outALU_1_     = (  !inS & inL_1_ 
                 #   inS & inA_1_ );

outALU_0_     = (  !inS & inL_0_ 
                 #   inS & inA_0_ );



                                                                      Page 3
ispLEVER Classic 2.0.00.17.20.15  -  Device Utilization Chart         Sun May 24 05:26:48 2020

P22V10G Chip Diagram:
--------------------------------------------------------------------------------




                                   P22V10G

                         +---------\       /---------+
                         |          \     /          |
                         |           -----           |
                  inL_2_ |  1                    24  | Vcc                     
                         |                           |
                  inA_2_ |  2                    23  | outALU_0_               
                         |                           |
                     inS |  3                    22  | outALU_2_               
                         |                           |
                  inL_1_ |  4                    21  |                         
                         |                           |
                  inL_0_ |  5                    20  |                         
                         |                           |
                  inA_1_ |  6                    19  |                         
                         |                           |
                  inA_0_ |  7                    18  |                         
                         |                           |
                         |  8                    17  |                         
                         |                           |
                         |  9                    16  |                         
                         |                           |
                         | 10                    15  |                         
                         |                           |
                         | 11                    14  | outALU_1_               
                         |                           |
                     GND | 12                    13  |                         
                         |                           |
                         |                           |
                         `---------------------------'

                        SIGNATURE: N/A


                                                                      Page 4
ispLEVER Classic 2.0.00.17.20.15  -  Device Utilization Chart         Sun May 24 05:26:48 2020

P22V10G Resource Allocations:
--------------------------------------------------------------------------------



        Device        | Resource  |   Design    |
       Resources      | Available | Requirement | Unused
======================|===========|=============|==============
                      |           |             |
Input Pins:           |           |             |
                      |           |             |
          Input:      |     12    |      7      |    5 ( 41 %)
                      |           |             |
Output Pins:          |           |             |
                      |           |             |
          In/Out:     |     10    |      3      |    7 ( 70 %)
          Output:     |      -    |      -      |    -
                      |           |             |
Buried Nodes:         |           |             |
                      |           |             |
          Input Reg:  |      -    |      -      |    -
          Pin Reg:    |     10    |      0      |   10 (100 %)
          Buried Reg: |      -    |      -      |    -


                                                                      Page 5
ispLEVER Classic 2.0.00.17.20.15  -  Device Utilization Chart         Sun May 24 05:26:48 2020

P22V10G Product Terms Distribution:
--------------------------------------------------------------------------------



            Signal                       |    Pin   | Terms | Terms | Terms
             Name                        | Assigned | Used  |  Max  | Unused
=========================================|==========|=======|=======|=======
outALU_2_                                |   22     |   2   |  10   |   8
outALU_1_                                |   14     |   2   |   8   |   6
outALU_0_                                |   23     |   2   |   8   |   6


     ==== List of Inputs/Feedbacks ====

Signal Name                              | Pin      | Pin Type
=========================================|==========|=========
inL_2_                                   |    1     | CLK/IN
inA_2_                                   |    2     | INPUT
inS                                      |    3     | INPUT
inL_1_                                   |    4     | INPUT
inL_0_                                   |    5     | INPUT
inA_1_                                   |    6     | INPUT
inA_0_                                   |    7     | INPUT


                                                                      Page 6
ispLEVER Classic 2.0.00.17.20.15  -  Device Utilization Chart         Sun May 24 05:26:48 2020

P22V10G Unused Resources:
--------------------------------------------------------------------------------



 Pin   |  Pin   |   Product   | Flip-flop
Number |  Type  |   Terms     |   Type
=======|========|=============|==========
    8  |  INPUT |      -      |    -   
    9  |  INPUT |      -      |    -   
   10  |  INPUT |      -      |    -   
   11  |  INPUT |      -      |    -   
   13  |  INPUT |      -      |    -   
   15  |  BIDIR | NORMAL 10   |    D
   16  |  BIDIR | NORMAL 12   |    D
   17  |  BIDIR | NORMAL 14   |    D
   18  |  BIDIR | NORMAL 16   |    D
   19  |  BIDIR | NORMAL 16   |    D
   20  |  BIDIR | NORMAL 14   |    D
   21  |  BIDIR | NORMAL 12   |    D
